\BOOKMARK [0][-]{chapter*.1}{\376\377\000A\000b\000s\000t\000r\000a\000c\000t}{}% 1
\BOOKMARK [0][-]{chapter*.2}{\376\377\000R\000\351\000s\000u\000m\000\351}{}% 2
\BOOKMARK [0][-]{chapter*.3}{\376\377\000A\000c\000k\000n\000o\000w\000l\000e\000d\000g\000e\000m\000e\000n\000t\000s}{}% 3
\BOOKMARK [0][-]{chapter*.7}{\376\377\000L\000i\000s\000t\000\040\000o\000f\000\040\000A\000c\000r\000o\000n\000y\000m\000s}{}% 4
\BOOKMARK [0][-]{chapter*.8}{\376\377\000T\000e\000r\000m\000i\000n\000o\000l\000o\000g\000y}{}% 5
\BOOKMARK [0][-]{chapter.1}{\376\377\000I\000n\000t\000r\000o\000d\000u\000c\000t\000i\000o\000n}{}% 6
\BOOKMARK [1][-]{section.1.1}{\376\377\000H\000o\000s\000t\000\040\000O\000r\000g\000a\000n\000i\000z\000a\000t\000i\000o\000n\000\040\000a\000n\000d\000\040\000I\000n\000t\000e\000r\000n\000s\000h\000i\000p\000\040\000C\000o\000n\000t\000e\000x\000t}{chapter.1}% 7
\BOOKMARK [1][-]{section.1.2}{\376\377\000E\000x\000i\000s\000t\000i\000n\000g\000\040\000S\000o\000l\000u\000t\000i\000o\000n\000s\000\040\000a\000n\000d\000\040\000P\000r\000o\000j\000e\000c\000t\000\040\000P\000o\000s\000i\000t\000i\000o\000n\000i\000n\000g}{chapter.1}% 8
\BOOKMARK [1][-]{section.1.3}{\376\377\000P\000r\000o\000b\000l\000e\000m\000\040\000S\000t\000a\000t\000e\000m\000e\000n\000t}{chapter.1}% 9
\BOOKMARK [1][-]{section.1.4}{\376\377\000I\000n\000t\000e\000r\000n\000s\000h\000i\000p\000\040\000M\000i\000s\000s\000i\000o\000n\000\040\000a\000n\000d\000\040\000S\000c\000o\000p\000e}{chapter.1}% 10
\BOOKMARK [2][-]{subsection.1.4.1}{\376\377\000M\000i\000s\000s\000i\000o\000n\000\040\000D\000e\000l\000i\000v\000e\000r\000a\000b\000l\000e\000s}{section.1.4}% 11
\BOOKMARK [2][-]{subsection.1.4.2}{\376\377\000S\000c\000o\000p\000e\000\040\000B\000o\000u\000n\000d\000a\000r\000i\000e\000s}{section.1.4}% 12
\BOOKMARK [1][-]{section.1.5}{\376\377\000M\000a\000i\000n\000\040\000C\000o\000n\000t\000r\000i\000b\000u\000t\000i\000o\000n\000s}{chapter.1}% 13
\BOOKMARK [1][-]{section.1.6}{\376\377\000R\000e\000p\000o\000r\000t\000\040\000S\000t\000r\000u\000c\000t\000u\000r\000e}{chapter.1}% 14
\BOOKMARK [0][-]{chapter.2}{\376\377\000M\000e\000t\000h\000o\000d\000o\000l\000o\000g\000y\000,\000\040\000R\000e\000q\000u\000i\000r\000e\000m\000e\000n\000t\000s\000\040\000A\000n\000a\000l\000y\000s\000i\000s\000,\000\040\000a\000n\000d\000\040\000D\000e\000s\000i\000g\000n\000\040\000C\000o\000n\000s\000t\000r\000a\000i\000n\000t\000s}{}% 15
\BOOKMARK [1][-]{section.2.1}{\376\377\000D\000S\000R\000M\000\040\000a\000s\000\040\000t\000h\000e\000\040\000M\000e\000t\000h\000o\000d\000o\000l\000o\000g\000i\000c\000a\000l\000\040\000B\000a\000c\000k\000b\000o\000n\000e}{chapter.2}% 16
\BOOKMARK [2][-]{subsection.2.1.1}{\376\377\000W\000h\000y\000\040\000D\000S\000R\000M\000\040\000F\000i\000t\000s\000\040\000t\000h\000e\000\040\000I\000n\000t\000e\000r\000n\000s\000h\000i\000p}{section.2.1}% 17
\BOOKMARK [2][-]{subsection.2.1.2}{\376\377\000D\000S\000R\000M\000\040\000P\000h\000a\000s\000e\000s\000\040\000U\000s\000e\000d\000\040\000i\000n\000\040\000t\000h\000e\000\040\000R\000e\000p\000o\000r\000t}{section.2.1}% 18
\BOOKMARK [3][-]{subsubsection.2.1.2.1}{\376\377\000P\000r\000o\000b\000l\000e\000m\000\040\000i\000d\000e\000n\000t\000i\000f\000i\000c\000a\000t\000i\000o\000n\000\040\000a\000n\000d\000\040\000m\000o\000t\000i\000v\000a\000t\000i\000o\000n}{subsection.2.1.2}% 19
\BOOKMARK [3][-]{subsubsection.2.1.2.2}{\376\377\000O\000b\000j\000e\000c\000t\000i\000v\000e\000s\000\040\000o\000f\000\040\000t\000h\000e\000\040\000s\000o\000l\000u\000t\000i\000o\000n}{subsection.2.1.2}% 20
\BOOKMARK [3][-]{subsubsection.2.1.2.3}{\376\377\000D\000e\000s\000i\000g\000n\000\040\000a\000n\000d\000\040\000d\000e\000v\000e\000l\000o\000p\000m\000e\000n\000t}{subsection.2.1.2}% 21
\BOOKMARK [3][-]{subsubsection.2.1.2.4}{\376\377\000D\000e\000m\000o\000n\000s\000t\000r\000a\000t\000i\000o\000n}{subsection.2.1.2}% 22
\BOOKMARK [3][-]{subsubsection.2.1.2.5}{\376\377\000E\000v\000a\000l\000u\000a\000t\000i\000o\000n}{subsection.2.1.2}% 23
\BOOKMARK [3][-]{subsubsection.2.1.2.6}{\376\377\000C\000o\000m\000m\000u\000n\000i\000c\000a\000t\000i\000o\000n}{subsection.2.1.2}% 24
\BOOKMARK [1][-]{section.2.2}{\376\377\000D\000S\000R\000M\000\040\000M\000a\000p\000p\000i\000n\000g\000\040\000t\000o\000\040\000t\000h\000e\000\040\000I\000n\000t\000e\000r\000n\000s\000h\000i\000p\000\040\000W\000o\000r\000k}{chapter.2}% 25
\BOOKMARK [1][-]{section.2.3}{\376\377\000P\000r\000o\000j\000e\000c\000t\000\040\000E\000v\000o\000l\000u\000t\000i\000o\000n\000\040\000T\000i\000m\000e\000l\000i\000n\000e}{chapter.2}% 26
\BOOKMARK [1][-]{section.2.4}{\376\377\000F\000u\000n\000c\000t\000i\000o\000n\000a\000l\000\040\000R\000e\000q\000u\000i\000r\000e\000m\000e\000n\000t\000s}{chapter.2}% 27
\BOOKMARK [1][-]{section.2.5}{\376\377\000N\000o\000n\000-\000F\000u\000n\000c\000t\000i\000o\000n\000a\000l\000\040\000R\000e\000q\000u\000i\000r\000e\000m\000e\000n\000t\000s}{chapter.2}% 28
\BOOKMARK [0][-]{chapter.3}{\376\377\000T\000e\000c\000h\000n\000i\000c\000a\000l\000\040\000B\000a\000c\000k\000g\000r\000o\000u\000n\000d}{}% 29
\BOOKMARK [1][-]{section.3.1}{\376\377\000S\000t\000r\000e\000a\000m\000i\000n\000g\000\040\000W\000e\000b\000s\000i\000t\000e\000\040\000S\000t\000r\000u\000c\000t\000u\000r\000e\000s}{chapter.3}% 30
\BOOKMARK [2][-]{subsection.3.1.1}{\376\377\000T\000h\000e\000\040\000n\000o\000r\000m\000a\000l\000\040\000p\000a\000g\000e\000\040\000f\000l\000o\000w}{section.3.1}% 31
\BOOKMARK [2][-]{subsection.3.1.2}{\376\377\000L\000a\000n\000d\000i\000n\000g\000\040\000p\000a\000g\000e\000s}{section.3.1}% 32
\BOOKMARK [2][-]{subsection.3.1.3}{\376\377\000H\000o\000s\000t\000i\000n\000g\000\040\000p\000a\000g\000e\000s}{section.3.1}% 33
\BOOKMARK [2][-]{subsection.3.1.4}{\376\377\000E\000m\000b\000e\000d\000d\000e\000d\000\040\000p\000a\000g\000e\000s}{section.3.1}% 34
\BOOKMARK [1][-]{section.3.2}{\376\377\000D\000O\000M\000\040\000S\000t\000r\000u\000c\000t\000u\000r\000e\000s\000\040\000a\000n\000d\000\040\000W\000e\000b\000\040\000P\000a\000g\000e\000\040\000R\000e\000p\000r\000e\000s\000e\000n\000t\000a\000t\000i\000o\000n}{chapter.3}% 35
\BOOKMARK [2][-]{subsection.3.2.1}{\376\377\000A\000\040\000s\000i\000m\000p\000l\000i\000f\000i\000e\000d\000\040\000D\000O\000M\000\040\000t\000r\000e\000e}{section.3.2}% 36
\BOOKMARK [2][-]{subsection.3.2.2}{\376\377\000D\000O\000M\000\040\000s\000i\000g\000n\000a\000l\000s\000\040\000o\000n\000\040\000s\000t\000r\000e\000a\000m\000i\000n\000g\000\040\000p\000a\000g\000e\000s}{section.3.2}% 37
\BOOKMARK [1][-]{section.3.3}{\376\377\000S\000t\000r\000e\000a\000m\000i\000n\000g\000\040\000P\000r\000o\000t\000o\000c\000o\000l\000s\000\040\000a\000n\000d\000\040\000E\000m\000b\000e\000d\000d\000e\000d\000\040\000P\000l\000a\000y\000e\000r\000s}{chapter.3}% 38
\BOOKMARK [2][-]{subsection.3.3.1}{\376\377\000C\000o\000m\000m\000o\000n\000\040\000e\000m\000b\000e\000d\000d\000i\000n\000g\000\040\000p\000a\000t\000t\000e\000r\000n\000s}{section.3.3}% 39
\BOOKMARK [2][-]{subsection.3.3.2}{\376\377\000H\000L\000S\000\040\000a\000n\000d\000\040\000M\000P\000E\000G\000-\000D\000A\000S\000H}{section.3.3}% 40
\BOOKMARK [2][-]{subsection.3.3.3}{\376\377\000T\000o\000k\000e\000n\000s\000,\000\040\000c\000o\000o\000k\000i\000e\000s\000,\000\040\000r\000e\000f\000e\000r\000e\000r\000s\000,\000\040\000a\000n\000d\000\040\000p\000r\000o\000v\000i\000d\000e\000r\000\040\000c\000h\000e\000c\000k\000s}{section.3.3}% 41
\BOOKMARK [1][-]{section.3.4}{\376\377\000B\000r\000o\000w\000s\000e\000r\000\040\000A\000u\000t\000o\000m\000a\000t\000i\000o\000n\000,\000\040\000S\000c\000r\000a\000p\000i\000n\000g\000,\000\040\000a\000n\000d\000\040\000R\000u\000n\000t\000i\000m\000e\000\040\000O\000b\000s\000t\000a\000c\000l\000e\000s}{chapter.3}% 42
\BOOKMARK [2][-]{subsection.3.4.1}{\376\377\000S\000t\000a\000t\000i\000c\000\040\000c\000o\000l\000l\000e\000c\000t\000i\000o\000n\000\040\000v\000e\000r\000s\000u\000s\000\040\000r\000e\000n\000d\000e\000r\000e\000d\000\040\000b\000r\000o\000w\000s\000e\000r\000\040\000s\000t\000a\000t\000e}{section.3.4}% 43
\BOOKMARK [3][-]{subsubsection.3.4.1.1}{\376\377\000R\000e\000n\000d\000e\000r\000e\000d\000\040\000s\000t\000a\000t\000e\000\040\000a\000s\000\040\000e\000v\000i\000d\000e\000n\000c\000e}{subsection.3.4.1}% 44
\BOOKMARK [2][-]{subsection.3.4.2}{\376\377\000P\000u\000p\000p\000e\000t\000e\000e\000r\000\040\000a\000s\000\040\000a\000\040\000b\000r\000o\000w\000s\000e\000r\000\040\000c\000o\000n\000t\000r\000o\000l\000\040\000l\000a\000y\000e\000r}{section.3.4}% 45
\BOOKMARK [2][-]{subsection.3.4.3}{\376\377\000A\000d\000s\000,\000\040\000c\000o\000o\000k\000i\000e\000s\000,\000\040\000p\000o\000p\000u\000p\000s\000,\000\040\000a\000n\000d\000\040\000o\000t\000h\000e\000r\000\040\000a\000n\000n\000o\000y\000a\000n\000c\000e\000s}{section.3.4}% 46
\BOOKMARK [2][-]{subsection.3.4.4}{\376\377\000W\000h\000y\000\040\000s\000c\000r\000e\000e\000n\000s\000h\000o\000t\000s\000\040\000a\000n\000d\000\040\000n\000e\000t\000w\000o\000r\000k\000\040\000l\000o\000g\000s\000\040\000m\000a\000t\000t\000e\000r}{section.3.4}% 47
\BOOKMARK [1][-]{section.3.5}{\376\377\000A\000g\000e\000n\000t\000i\000c\000\040\000E\000v\000i\000d\000e\000n\000c\000e\000\040\000C\000o\000l\000l\000e\000c\000t\000i\000o\000n\000\040\000C\000o\000n\000c\000e\000p\000t\000s}{chapter.3}% 48
\BOOKMARK [2][-]{subsection.3.5.1}{\376\377\000A\000g\000e\000n\000t\000s\000\040\000a\000n\000d\000\040\000R\000e\000A\000c\000t\000-\000s\000t\000y\000l\000e\000\040\000l\000o\000o\000p\000s}{section.3.5}% 49
\BOOKMARK [2][-]{subsection.3.5.2}{\376\377\000P\000r\000o\000m\000p\000t\000\040\000e\000n\000g\000i\000n\000e\000e\000r\000i\000n\000g\000,\000\040\000t\000o\000k\000e\000n\000s\000,\000\040\000a\000n\000d\000\040\000t\000o\000k\000e\000n\000\040\000u\000s\000a\000g\000e}{section.3.5}% 50
\BOOKMARK [2][-]{subsection.3.5.3}{\376\377\000W\000o\000r\000k\000f\000l\000o\000w\000\040\000a\000u\000t\000o\000m\000a\000t\000i\000o\000n\000\040\000t\000o\000o\000l\000s}{section.3.5}% 51
\BOOKMARK [2][-]{subsection.3.5.4}{\376\377\000L\000a\000n\000g\000C\000h\000a\000i\000n\000,\000\040\000t\000o\000o\000l\000s\000,\000\040\000a\000n\000d\000\040\000M\000C\000P\000\040\000s\000e\000r\000v\000e\000r\000s}{section.3.5}% 52
\BOOKMARK [1][-]{section.3.6}{\376\377\000C\000h\000a\000p\000t\000e\000r\000\040\000S\000u\000m\000m\000a\000r\000y}{chapter.3}% 53
\BOOKMARK [0][-]{chapter.4}{\376\377\000S\000y\000s\000t\000e\000m\000\040\000A\000r\000c\000h\000i\000t\000e\000c\000t\000u\000r\000e}{}% 54
\BOOKMARK [1][-]{section.4.1}{\376\377\000S\000y\000s\000t\000e\000m\000\040\000P\000u\000r\000p\000o\000s\000e\000\040\000a\000n\000d\000\040\000A\000r\000c\000h\000i\000t\000e\000c\000t\000u\000r\000e\000\040\000R\000e\000a\000d\000i\000n\000g\000\040\000P\000a\000t\000h}{chapter.4}% 55
\BOOKMARK [1][-]{section.4.2}{\376\377\000G\000l\000o\000b\000a\000l\000\040\000R\000u\000n\000t\000i\000m\000e\000\040\000A\000r\000c\000h\000i\000t\000e\000c\000t\000u\000r\000e}{chapter.4}% 56
\BOOKMARK [1][-]{section.4.3}{\376\377\000E\000n\000d\000-\000t\000o\000-\000E\000n\000d\000\040\000A\000g\000e\000n\000t\000\040\000P\000i\000p\000e\000l\000i\000n\000e}{chapter.4}% 57
\BOOKMARK [1][-]{section.4.4}{\376\377\000A\000g\000e\000n\000t\000\040\000C\000o\000m\000m\000u\000n\000i\000c\000a\000t\000i\000o\000n\000\040\000a\000n\000d\000\040\000O\000r\000c\000h\000e\000s\000t\000r\000a\000t\000o\000r\000\040\000H\000a\000n\000d\000o\000f\000f\000s}{chapter.4}% 58
\BOOKMARK [1][-]{section.4.5}{\376\377\000A\000g\000e\000n\000t\000-\000b\000y\000-\000A\000g\000e\000n\000t\000\040\000D\000e\000s\000i\000g\000n}{chapter.4}% 59
\BOOKMARK [2][-]{subsection.4.5.1}{\376\377\000O\000r\000c\000h\000e\000s\000t\000r\000a\000t\000o\000r\000\040\000A\000g\000e\000n\000t}{section.4.5}% 60
\BOOKMARK [2][-]{subsection.4.5.2}{\376\377\000C\000l\000a\000s\000s\000i\000f\000i\000c\000a\000t\000i\000o\000n\000\040\000A\000g\000e\000n\000t}{section.4.5}% 61
\BOOKMARK [2][-]{subsection.4.5.3}{\376\377\000L\000a\000n\000d\000i\000n\000g\000-\000P\000a\000g\000e\000\040\000A\000g\000e\000n\000t}{section.4.5}% 62
\BOOKMARK [2][-]{subsection.4.5.4}{\376\377\000H\000o\000s\000t\000i\000n\000g\000-\000P\000a\000g\000e\000\040\000A\000g\000e\000n\000t}{section.4.5}% 63
\BOOKMARK [2][-]{subsection.4.5.5}{\376\377\000E\000m\000b\000e\000d\000d\000e\000d\000-\000P\000a\000g\000e\000\040\000A\000g\000e\000n\000t}{section.4.5}% 64
\BOOKMARK [2][-]{subsection.4.5.6}{\376\377\000C\000h\000a\000n\000n\000e\000l\000\040\000D\000e\000t\000e\000c\000t\000i\000o\000n\000\040\000A\000c\000r\000o\000s\000s\000\040\000A\000g\000e\000n\000t\000s}{section.4.5}% 65
\BOOKMARK [2][-]{subsection.4.5.7}{\376\377\000P\000r\000o\000v\000i\000d\000e\000r\000\040\000A\000n\000a\000l\000y\000s\000i\000s\000\040\000a\000n\000d\000\040\000E\000m\000a\000i\000l\000\040\000G\000e\000n\000e\000r\000a\000t\000i\000o\000n}{section.4.5}% 66
\BOOKMARK [1][-]{section.4.6}{\376\377\000B\000r\000o\000w\000s\000e\000r\000\040\000T\000o\000o\000l\000i\000n\000g\000\040\000a\000n\000d\000\040\000R\000u\000n\000t\000i\000m\000e\000\040\000C\000o\000n\000t\000r\000o\000l\000s}{chapter.4}% 67
\BOOKMARK [2][-]{subsection.4.6.1}{\376\377\000T\000o\000o\000l\000\040\000F\000a\000m\000i\000l\000i\000e\000s}{section.4.6}% 68
\BOOKMARK [3][-]{subsubsection.4.6.1.1}{\376\377\000I\000n\000s\000p\000e\000c\000t\000i\000o\000n\000\040\000a\000n\000d\000\040\000c\000o\000n\000t\000e\000x\000t\000\040\000r\000e\000t\000r\000i\000e\000v\000a\000l}{subsection.4.6.1}% 69
\BOOKMARK [3][-]{subsubsection.4.6.1.2}{\376\377\000N\000a\000v\000i\000g\000a\000t\000i\000o\000n\000\040\000a\000n\000d\000\040\000i\000n\000t\000e\000r\000a\000c\000t\000i\000o\000n}{subsection.4.6.1}% 70
\BOOKMARK [3][-]{subsubsection.4.6.1.3}{\376\377\000E\000v\000i\000d\000e\000n\000c\000e\000\040\000a\000n\000d\000\040\000m\000e\000d\000i\000a\000\040\000e\000x\000t\000r\000a\000c\000t\000i\000o\000n}{subsection.4.6.1}% 71
\BOOKMARK [3][-]{subsubsection.4.6.1.4}{\376\377\000M\000e\000m\000o\000r\000y\000\040\000a\000n\000d\000\040\000s\000i\000t\000e\000\040\000h\000i\000n\000t\000s}{subsection.4.6.1}% 72
\BOOKMARK [2][-]{subsection.4.6.2}{\376\377\000F\000i\000n\000g\000e\000r\000p\000r\000i\000n\000t\000\040\000H\000a\000n\000d\000l\000i\000n\000g\000\040\000a\000n\000d\000\040\000P\000r\000o\000x\000y\000\040\000R\000o\000t\000a\000t\000i\000o\000n}{section.4.6}% 73
\BOOKMARK [1][-]{section.4.7}{\376\377\000D\000a\000t\000a\000,\000\040\000T\000r\000a\000c\000e\000,\000\040\000a\000n\000d\000\040\000R\000e\000v\000i\000e\000w\000a\000b\000i\000l\000i\000t\000y\000\040\000V\000i\000e\000w}{chapter.4}% 74
\BOOKMARK [1][-]{section.4.8}{\376\377\000C\000h\000a\000p\000t\000e\000r\000\040\000S\000u\000m\000m\000a\000r\000y}{chapter.4}% 75
\BOOKMARK [0][-]{chapter.5}{\376\377\000I\000m\000p\000l\000e\000m\000e\000n\000t\000a\000t\000i\000o\000n}{}% 76
\BOOKMARK [1][-]{section.5.1}{\376\377\000P\000a\000r\000t\000\040\0001\000:\000\040\000n\0008\000n\000\040\000W\000o\000r\000k\000f\000l\000o\000w\000\040\000P\000r\000o\000t\000o\000t\000y\000p\000e}{chapter.5}% 77
\BOOKMARK [2][-]{subsection.5.1.1}{\376\377\000P\000u\000r\000p\000o\000s\000e\000\040\000o\000f\000\040\000t\000h\000e\000\040\000n\0008\000n\000\040\000p\000h\000a\000s\000e}{section.5.1}% 78
\BOOKMARK [2][-]{subsection.5.1.2}{\376\377\000n\0008\000n\000\040\000w\000o\000r\000k\000f\000l\000o\000w\000\040\000s\000c\000r\000e\000e\000n\000s\000h\000o\000t\000s}{section.5.1}% 79
\BOOKMARK [2][-]{subsection.5.1.3}{\376\377\000L\000i\000m\000i\000t\000a\000t\000i\000o\000n\000s\000\040\000o\000f\000\040\000t\000h\000e\000\040\000n\0008\000n\000\040\000i\000m\000p\000l\000e\000m\000e\000n\000t\000a\000t\000i\000o\000n}{section.5.1}% 80
\BOOKMARK [1][-]{section.5.2}{\376\377\000P\000a\000r\000t\000\040\0002\000:\000\040\000O\000p\000e\000n\000\040\000W\000e\000b\000\040\000C\000a\000t\000c\000h\000e\000r\000\040\000P\000l\000a\000t\000f\000o\000r\000m}{chapter.5}% 81
\BOOKMARK [2][-]{subsection.5.2.1}{\376\377\000F\000a\000s\000t\000A\000P\000I\000\040\000B\000a\000c\000k\000e\000n\000d}{section.5.2}% 82
\BOOKMARK [2][-]{subsection.5.2.2}{\376\377\000N\000e\000x\000t\000.\000j\000s\000\040\000O\000p\000e\000r\000a\000t\000o\000r\000\040\000C\000o\000n\000s\000o\000l\000e}{section.5.2}% 83
\BOOKMARK [2][-]{subsection.5.2.3}{\376\377\000M\000C\000P\000\040\000B\000r\000o\000w\000s\000e\000r\000\040\000C\000o\000n\000t\000a\000i\000n\000e\000r\000s\000\040\000a\000n\000d\000\040\000P\000u\000p\000p\000e\000t\000e\000e\000r\000\040\000T\000o\000o\000l\000s}{section.5.2}% 84
\BOOKMARK [3][-]{subsubsection.5.2.3.1}{\376\377\000T\000o\000o\000l\000\040\000r\000e\000g\000i\000s\000t\000r\000y\000\040\000a\000n\000d\000\040\000p\000r\000o\000f\000i\000l\000e\000\040\000f\000i\000l\000t\000e\000r\000i\000n\000g}{subsection.5.2.3}% 85
\BOOKMARK [3][-]{subsubsection.5.2.3.2}{\376\377\000R\000e\000n\000d\000e\000r\000e\000d\000\040\000D\000O\000M\000\040\000c\000o\000n\000t\000e\000x\000t\000\040\000r\000e\000t\000r\000i\000e\000v\000a\000l}{subsection.5.2.3}% 86
\BOOKMARK [3][-]{subsubsection.5.2.3.3}{\376\377\000P\000u\000p\000p\000e\000t\000e\000e\000r\000\040\000a\000c\000t\000i\000o\000n\000s\000\040\000a\000n\000d\000\040\000e\000v\000i\000d\000e\000n\000c\000e\000\040\000f\000e\000e\000d\000b\000a\000c\000k}{subsection.5.2.3}% 87
\BOOKMARK [2][-]{subsection.5.2.4}{\376\377\000A\000g\000e\000n\000t\000s\000,\000\040\000M\000o\000d\000e\000l\000s\000,\000\040\000M\000e\000m\000o\000r\000y\000,\000\040\000a\000n\000d\000\040\000P\000r\000o\000m\000p\000t\000s}{section.5.2}% 88
\BOOKMARK [3][-]{subsubsection.5.2.4.1}{\376\377\000D\000e\000s\000i\000g\000n\000\040\000c\000o\000n\000s\000t\000r\000a\000i\000n\000t\000s\000\040\000i\000m\000p\000l\000e\000m\000e\000n\000t\000e\000d\000\040\000i\000n\000\040\000t\000h\000e\000\040\000a\000g\000e\000n\000t\000\040\000r\000u\000n\000t\000i\000m\000e}{subsection.5.2.4}% 89
\BOOKMARK [3][-]{subsubsection.5.2.4.2}{\376\377\000P\000r\000o\000m\000p\000t\000\040\000e\000v\000o\000l\000u\000t\000i\000o\000n\000\040\000i\000n\000\040\000t\000h\000e\000\040\000i\000m\000p\000l\000e\000m\000e\000n\000t\000a\000t\000i\000o\000n}{subsection.5.2.4}% 90
\BOOKMARK [3][-]{subsubsection.5.2.4.3}{\376\377\000A\000g\000e\000n\000t\000\040\000d\000e\000s\000i\000g\000n\000\040\000p\000r\000i\000n\000c\000i\000p\000l\000e\000s}{subsection.5.2.4}% 91
\BOOKMARK [3][-]{subsubsection.5.2.4.4}{\376\377\000M\000o\000d\000e\000l\000\040\000b\000e\000h\000a\000v\000i\000o\000r\000,\000\040\000t\000o\000k\000e\000n\000\040\000u\000s\000a\000g\000e\000,\000\040\000a\000n\000d\000\040\000r\000a\000t\000e\000\040\000l\000i\000m\000i\000t\000s}{subsection.5.2.4}% 92
\BOOKMARK [3][-]{subsubsection.5.2.4.5}{\376\377\000P\000r\000o\000m\000p\000t\000\040\000e\000n\000g\000i\000n\000e\000e\000r\000i\000n\000g\000\040\000a\000n\000d\000\040\000s\000t\000o\000p\000p\000i\000n\000g\000\040\000b\000e\000h\000a\000v\000i\000o\000r}{subsection.5.2.4}% 93
\BOOKMARK [2][-]{subsection.5.2.5}{\376\377\000P\000o\000s\000t\000g\000r\000e\000S\000Q\000L\000\040\000D\000a\000t\000a\000b\000a\000s\000e\000\040\000a\000n\000d\000\040\000O\000b\000s\000e\000r\000v\000a\000b\000i\000l\000i\000t\000y}{section.5.2}% 94
\BOOKMARK [1][-]{section.5.3}{\376\377\000P\000a\000r\000t\000\040\0003\000:\000\040\000D\000e\000p\000l\000o\000y\000m\000e\000n\000t}{chapter.5}% 95
\BOOKMARK [1][-]{section.5.4}{\376\377\000I\000m\000p\000l\000e\000m\000e\000n\000t\000a\000t\000i\000o\000n\000\040\000S\000u\000m\000m\000a\000r\000y}{chapter.5}% 96
\BOOKMARK [0][-]{chapter.6}{\376\377\000E\000v\000a\000l\000u\000a\000t\000i\000o\000n\000\040\000a\000n\000d\000\040\000T\000e\000s\000t\000i\000n\000g}{}% 97
\BOOKMARK [1][-]{section.6.1}{\376\377\000E\000v\000a\000l\000u\000a\000t\000i\000o\000n\000\040\000O\000b\000j\000e\000c\000t\000i\000v\000e\000\040\000a\000n\000d\000\040\000B\000u\000s\000i\000n\000e\000s\000s\000\040\000C\000o\000n\000t\000e\000x\000t}{chapter.6}% 98
\BOOKMARK [2][-]{subsection.6.1.1}{\376\377\000B\000u\000s\000i\000n\000e\000s\000s\000\040\000I\000s\000s\000u\000e}{section.6.1}% 99
\BOOKMARK [2][-]{subsection.6.1.2}{\376\377\000E\000v\000a\000l\000u\000a\000t\000i\000o\000n\000\040\000Q\000u\000e\000s\000t\000i\000o\000n}{section.6.1}% 100
\BOOKMARK [2][-]{subsection.6.1.3}{\376\377\000R\000e\000v\000i\000e\000w\000a\000b\000l\000e\000\040\000E\000v\000i\000d\000e\000n\000c\000e\000\040\000B\000u\000n\000d\000l\000e}{section.6.1}% 101
\BOOKMARK [2][-]{subsection.6.1.4}{\376\377\000E\000v\000i\000d\000e\000n\000c\000e\000-\000F\000i\000r\000s\000t\000\040\000E\000v\000a\000l\000u\000a\000t\000i\000o\000n}{section.6.1}% 102
\BOOKMARK [1][-]{section.6.2}{\376\377\000E\000v\000a\000l\000u\000a\000t\000i\000o\000n\000\040\000P\000r\000o\000t\000o\000c\000o\000l\000\040\000a\000n\000d\000\040\000K\000P\000I\000\040\000D\000e\000f\000i\000n\000i\000t\000i\000o\000n\000s}{chapter.6}% 103
\BOOKMARK [2][-]{subsection.6.2.1}{\376\377\000B\000a\000t\000c\000h\000\040\000T\000e\000s\000t\000\040\000D\000e\000s\000i\000g\000n}{section.6.2}% 104
\BOOKMARK [3][-]{subsubsection.6.2.1.1}{\376\377\000I\000n\000p\000u\000t\000\040\000S\000e\000t\000\040\000a\000n\000d\000\040\000R\000e\000p\000e\000a\000t\000e\000d\000\040\000R\000u\000n\000s}{subsection.6.2.1}% 105
\BOOKMARK [3][-]{subsubsection.6.2.1.2}{\376\377\000M\000a\000n\000u\000a\000l\000\040\000R\000e\000v\000i\000e\000w\000\040\000A\000f\000t\000e\000r\000\040\000A\000u\000t\000o\000m\000a\000t\000e\000d\000\040\000S\000t\000a\000t\000u\000s}{subsection.6.2.1}% 106
\BOOKMARK [3][-]{subsubsection.6.2.1.3}{\376\377\000W\000e\000b\000s\000i\000t\000e\000-\000L\000e\000v\000e\000l\000\040\000A\000c\000c\000e\000p\000t\000a\000n\000c\000e\000\040\000R\000u\000l\000e}{subsection.6.2.1}% 107
\BOOKMARK [2][-]{subsection.6.2.2}{\376\377\000F\000a\000i\000l\000u\000r\000e\000\040\000T\000a\000x\000o\000n\000o\000m\000y}{section.6.2}% 108
\BOOKMARK [3][-]{subsubsection.6.2.2.1}{\376\377\000W\000h\000y\000\040\000F\000a\000i\000l\000u\000r\000e\000\040\000C\000a\000t\000e\000g\000o\000r\000i\000e\000s\000\040\000M\000a\000t\000t\000e\000r}{subsection.6.2.2}% 109
\BOOKMARK [3][-]{subsubsection.6.2.2.2}{\376\377\000E\000x\000t\000e\000r\000n\000a\000l\000\040\000B\000l\000o\000c\000k\000e\000r\000s\000\040\000A\000r\000e\000\040\000N\000o\000t\000\040\000A\000u\000t\000o\000m\000a\000t\000i\000c\000a\000l\000l\000y\000\040\000A\000g\000e\000n\000t\000\040\000F\000a\000u\000l\000t\000s}{subsection.6.2.2}% 110
\BOOKMARK [2][-]{subsection.6.2.3}{\376\377\000K\000P\000I\000\040\000D\000e\000f\000i\000n\000i\000t\000i\000o\000n\000s}{section.6.2}% 111
\BOOKMARK [3][-]{subsubsection.6.2.3.1}{\376\377\000R\000a\000t\000e\000s\000\040\000U\000s\000e\000d\000\040\000i\000n\000\040\000T\000h\000i\000s\000\040\000C\000h\000a\000p\000t\000e\000r}{subsection.6.2.3}% 112
\BOOKMARK [3][-]{subsubsection.6.2.3.2}{\376\377\000C\000u\000r\000r\000e\000n\000t\000\040\000B\000a\000t\000c\000h\000\040\000S\000n\000a\000p\000s\000h\000o\000t}{subsection.6.2.3}% 113
\BOOKMARK [1][-]{section.6.3}{\376\377\000A\000g\000e\000n\000t\000-\000b\000y\000-\000A\000g\000e\000n\000t\000\040\000B\000e\000h\000a\000v\000i\000o\000r\000\040\000E\000v\000a\000l\000u\000a\000t\000i\000o\000n}{chapter.6}% 114
\BOOKMARK [2][-]{subsection.6.3.1}{\376\377\000A\000g\000e\000n\000t\000\040\000T\000e\000s\000t\000\040\000M\000a\000t\000r\000i\000x}{section.6.3}% 115
\BOOKMARK [3][-]{subsubsection.6.3.1.1}{\376\377\000W\000h\000y\000\040\000A\000g\000e\000n\000t\000-\000L\000e\000v\000e\000l\000\040\000E\000v\000a\000l\000u\000a\000t\000i\000o\000n\000\040\000I\000s\000\040\000R\000e\000q\000u\000i\000r\000e\000d}{subsection.6.3.1}% 116
\BOOKMARK [2][-]{subsection.6.3.2}{\376\377\000C\000l\000a\000s\000s\000i\000f\000i\000c\000a\000t\000i\000o\000n\000\040\000a\000n\000d\000\040\000L\000a\000n\000d\000i\000n\000g\000\040\000T\000e\000s\000t\000s}{section.6.3}% 117
\BOOKMARK [3][-]{subsubsection.6.3.2.1}{\376\377\000C\000l\000a\000s\000s\000i\000f\000i\000c\000a\000t\000i\000o\000n\000\040\000T\000e\000s\000t\000s}{subsection.6.3.2}% 118
\BOOKMARK [3][-]{subsubsection.6.3.2.2}{\376\377\000L\000a\000n\000d\000i\000n\000g\000\040\000T\000e\000s\000t\000s}{subsection.6.3.2}% 119
\BOOKMARK [2][-]{subsection.6.3.3}{\376\377\000H\000o\000s\000t\000i\000n\000g\000\040\000T\000e\000s\000t\000s}{section.6.3}% 120
\BOOKMARK [3][-]{subsubsection.6.3.3.1}{\376\377\000P\000l\000a\000y\000e\000r\000\040\000A\000c\000t\000i\000v\000a\000t\000i\000o\000n}{subsection.6.3.3}% 121
\BOOKMARK [3][-]{subsubsection.6.3.3.2}{\376\377\000S\000e\000r\000v\000e\000r\000\040\000D\000e\000t\000e\000c\000t\000i\000o\000n\000\040\000a\000n\000d\000\040\000S\000w\000i\000t\000c\000h\000i\000n\000g}{subsection.6.3.3}% 122
\BOOKMARK [3][-]{subsubsection.6.3.3.3}{\376\377\000S\000t\000r\000e\000a\000m\000\040\000C\000a\000p\000t\000u\000r\000e\000\040\000O\000r\000d\000e\000r}{subsection.6.3.3}% 123
\BOOKMARK [2][-]{subsection.6.3.4}{\376\377\000E\000m\000b\000e\000d\000d\000e\000d\000\040\000T\000e\000s\000t\000s}{section.6.3}% 124
\BOOKMARK [3][-]{subsubsection.6.3.4.1}{\376\377\000I\000f\000r\000a\000m\000e\000\040\000a\000n\000d\000\040\000P\000l\000a\000y\000e\000r\000\040\000I\000n\000s\000p\000e\000c\000t\000i\000o\000n}{subsection.6.3.4}% 125
\BOOKMARK [3][-]{subsubsection.6.3.4.2}{\376\377\000E\000m\000b\000e\000d\000d\000e\000d\000-\000P\000a\000g\000e\000\040\000I\000n\000a\000c\000c\000e\000s\000s\000i\000b\000l\000e\000\040\000C\000a\000s\000e\000s}{subsection.6.3.4}% 126
\BOOKMARK [2][-]{subsection.6.3.5}{\376\377\000P\000r\000o\000v\000i\000d\000e\000r\000\040\000a\000n\000d\000\040\000E\000m\000a\000i\000l\000\040\000T\000e\000s\000t\000s}{section.6.3}% 127
\BOOKMARK [3][-]{subsubsection.6.3.5.1}{\376\377\000P\000r\000o\000v\000i\000d\000e\000r\000\040\000I\000n\000t\000e\000l\000l\000i\000g\000e\000n\000c\000e\000\040\000C\000r\000i\000t\000e\000r\000i\000a}{subsection.6.3.5}% 128
\BOOKMARK [3][-]{subsubsection.6.3.5.2}{\376\377\000E\000m\000a\000i\000l\000\040\000R\000e\000a\000d\000i\000n\000e\000s\000s\000\040\000C\000r\000i\000t\000e\000r\000i\000a}{subsection.6.3.5}% 129
\BOOKMARK [2][-]{subsection.6.3.6}{\376\377\000A\000g\000e\000n\000t\000\040\000D\000a\000s\000h\000b\000o\000a\000r\000d\000\040\000E\000v\000i\000d\000e\000n\000c\000e}{section.6.3}% 130
\BOOKMARK [1][-]{section.6.4}{\376\377\000R\000u\000n\000-\000B\000a\000s\000e\000d\000\040\000E\000v\000i\000d\000e\000n\000c\000e\000\040\000C\000a\000s\000e\000\040\000S\000t\000u\000d\000y}{chapter.6}% 131
\BOOKMARK [2][-]{subsection.6.4.1}{\376\377\000S\000e\000l\000e\000c\000t\000e\000d\000\040\000R\000u\000n\000\040\000S\000u\000m\000m\000a\000r\000y}{section.6.4}% 132
\BOOKMARK [2][-]{subsection.6.4.2}{\376\377\000T\000r\000a\000c\000e\000\040\000a\000n\000d\000\040\000A\000g\000e\000n\000t\000\040\000A\000c\000t\000i\000v\000i\000t\000y}{section.6.4}% 133
\BOOKMARK [2][-]{subsection.6.4.3}{\376\377\000L\000a\000n\000d\000i\000n\000g\000\040\000E\000v\000i\000d\000e\000n\000c\000e}{section.6.4}% 134
\BOOKMARK [2][-]{subsection.6.4.4}{\376\377\000H\000o\000s\000t\000i\000n\000g\000\040\000a\000n\000d\000\040\000P\000l\000a\000y\000e\000r\000\040\000E\000v\000i\000d\000e\000n\000c\000e}{section.6.4}% 135
\BOOKMARK [2][-]{subsection.6.4.5}{\376\377\000S\000t\000r\000e\000a\000m\000,\000\040\000P\000r\000o\000v\000i\000d\000e\000r\000,\000\040\000a\000n\000d\000\040\000E\000m\000a\000i\000l\000\040\000E\000v\000i\000d\000e\000n\000c\000e}{section.6.4}% 136
\BOOKMARK [1][-]{section.6.5}{\376\377\000D\000a\000s\000h\000b\000o\000a\000r\000d\000\040\000T\000e\000l\000e\000m\000e\000t\000r\000y\000\040\000a\000n\000d\000\040\000C\000o\000s\000t\000\040\000R\000e\000v\000i\000e\000w}{chapter.6}% 137
\BOOKMARK [2][-]{subsection.6.5.1}{\376\377\000O\000v\000e\000r\000v\000i\000e\000w\000\040\000M\000e\000t\000r\000i\000c\000s}{section.6.5}% 138
\BOOKMARK [2][-]{subsection.6.5.2}{\376\377\000T\000o\000k\000e\000n\000\040\000a\000n\000d\000\040\000R\000u\000n\000t\000i\000m\000e\000\040\000C\000o\000s\000t}{section.6.5}% 139
\BOOKMARK [2][-]{subsection.6.5.3}{\376\377\000M\000o\000d\000e\000l\000\040\000a\000n\000d\000\040\000R\000u\000n\000t\000i\000m\000e\000\040\000S\000e\000l\000e\000c\000t\000i\000o\000n\000\040\000R\000a\000t\000i\000o\000n\000a\000l\000e}{section.6.5}% 140
\BOOKMARK [1][-]{section.6.6}{\376\377\000L\000i\000m\000i\000t\000a\000t\000i\000o\000n\000s\000\040\000a\000n\000d\000\040\000I\000n\000t\000e\000r\000p\000r\000e\000t\000a\000t\000i\000o\000n}{chapter.6}% 141
\BOOKMARK [2][-]{subsection.6.6.1}{\376\377\000O\000p\000e\000r\000a\000t\000i\000o\000n\000a\000l\000\040\000L\000i\000m\000i\000t\000a\000t\000i\000o\000n\000s}{section.6.6}% 142
\BOOKMARK [2][-]{subsection.6.6.2}{\376\377\000I\000n\000t\000e\000r\000p\000r\000e\000t\000a\000t\000i\000o\000n\000\040\000o\000f\000\040\000t\000h\000e\000\040\000C\000u\000r\000r\000e\000n\000t\000\040\000R\000e\000s\000u\000l\000t\000s}{section.6.6}% 143
\BOOKMARK [1][-]{section.6.7}{\376\377\000C\000h\000a\000p\000t\000e\000r\000\040\000C\000o\000n\000c\000l\000u\000s\000i\000o\000n}{chapter.6}% 144
\BOOKMARK [0][-]{chapter.7}{\376\377\000G\000e\000n\000e\000r\000a\000l\000\040\000C\000o\000n\000c\000l\000u\000s\000i\000o\000n}{}% 145
